
R version 4.4.2 (2024-10-31 ucrt) -- "Pile of Leaves"
Copyright (C) 2024 The R Foundation for Statistical Computing
Platform: x86_64-w64-mingw32/x64

R is free software and comes with ABSOLUTELY NO WARRANTY.
You are welcome to redistribute it under certain conditions.
Type 'license()' or 'licence()' for distribution details.

  Natural language support but running in an English locale

R is a collaborative project with many contributors.
Type 'contributors()' for more information and
'citation()' on how to cite R or R packages in publications.

Type 'demo()' for some demos, 'help()' for on-line help, or
'help.start()' for an HTML browser interface to help.
Type 'q()' to quit R.

[Workspace loaded from C:/Users/Chase/Data_Course_Rasmussen/.RData]

> csv_files <- list.files(path = "Data/", pattern = "\\.csv$", full.names = TRUE)
> 
> csv_files <- list.files(path = C:/Users/Chase/Data_Course_Rasmussen/Data, pattern = "\\.csv$")
Error: unexpected '/' in "csv_files <- list.files(path = C:/"
> csv_files <- list.files(pattern = "\\.csv$", full.names = TRUE)
> 
> csv_files <- list.files(path = "C:/Users/Chase/Data_Course_Rasmussen/Data", pattern = "\\.csv$", full.names = TRUE)
> 
> print(csv_files)
 [1] "C:/Users/Chase/Data_Course_Rasmussen/Data/1620_scores.csv"             
 [2] "C:/Users/Chase/Data_Course_Rasmussen/Data/1620_YC_Points.csv"          
 [3] "C:/Users/Chase/Data_Course_Rasmussen/Data/BioLog_Plate_Data.csv"       
 [4] "C:/Users/Chase/Data_Course_Rasmussen/Data/Bird_Measurements.csv"       
 [5] "C:/Users/Chase/Data_Course_Rasmussen/Data/cleaned_bird_data.csv"       
 [6] "C:/Users/Chase/Data_Course_Rasmussen/Data/EDA1.csv"                    
 [7] "C:/Users/Chase/Data_Course_Rasmussen/Data/EDA2.csv"                    
 [8] "C:/Users/Chase/Data_Course_Rasmussen/Data/FacultySalaries_1995.csv"    
 [9] "C:/Users/Chase/Data_Course_Rasmussen/Data/Fake_grade_data.csv"         
[10] "C:/Users/Chase/Data_Course_Rasmussen/Data/GradSchool_Admissions.csv"   
[11] "C:/Users/Chase/Data_Course_Rasmussen/Data/iris.csv"                    
[12] "C:/Users/Chase/Data_Course_Rasmussen/Data/ITS_mapping.csv"             
[13] "C:/Users/Chase/Data_Course_Rasmussen/Data/Juniper_Oils.csv"            
[14] "C:/Users/Chase/Data_Course_Rasmussen/Data/landdata-states.csv"         
[15] "C:/Users/Chase/Data_Course_Rasmussen/Data/long_and_tidy.csv"           
[16] "C:/Users/Chase/Data_Course_Rasmussen/Data/MLO_Metadata.csv"            
[17] "C:/Users/Chase/Data_Course_Rasmussen/Data/MLO_OTU_Table.csv"           
[18] "C:/Users/Chase/Data_Course_Rasmussen/Data/mushroom_growth.csv"         
[19] "C:/Users/Chase/Data_Course_Rasmussen/Data/non_linear_relationship.csv" 
[20] "C:/Users/Chase/Data_Course_Rasmussen/Data/nyc_license.csv"             
[21] "C:/Users/Chase/Data_Course_Rasmussen/Data/practice_data_1.csv"         
[22] "C:/Users/Chase/Data_Course_Rasmussen/Data/practice_data_2.csv"         
[23] "C:/Users/Chase/Data_Course_Rasmussen/Data/practice_data_3.csv"         
[24] "C:/Users/Chase/Data_Course_Rasmussen/Data/qwerty.csv"                  
[25] "C:/Users/Chase/Data_Course_Rasmussen/Data/Soil_Predators.csv"          
[26] "C:/Users/Chase/Data_Course_Rasmussen/Data/thatch_ant.csv"              
[27] "C:/Users/Chase/Data_Course_Rasmussen/Data/traitdatabygenus.csv"        
[28] "C:/Users/Chase/Data_Course_Rasmussen/Data/traitdatabysp.csv"           
[29] "C:/Users/Chase/Data_Course_Rasmussen/Data/Utah_Religions_by_County.csv"
[30] "C:/Users/Chase/Data_Course_Rasmussen/Data/wide_income_rent.csv"        
[31] "C:/Users/Chase/Data_Course_Rasmussen/Data/wide_rent_income.csv"        
[32] "C:/Users/Chase/Data_Course_Rasmussen/Data/wingspan_vs_mass.csv"        
> number_of_csv_files <- length(csv_files)
> print(number_of_csv_files)
[1] 32
> df <- read.csv("wingspan_vs_mass.csv")
Error in file(file, "rt") : cannot open the connection
In addition: Warning message:
In file(file, "rt") :
  cannot open file 'wingspan_vs_mass.csv': No such file or directory
> getwd("C:/Users/Chase/Data_Course_Rasmussen/Data")
Error in getwd("C:/Users/Chase/Data_Course_Rasmussen/Data") : 
  unused argument ("C:/Users/Chase/Data_Course_Rasmussen/Data")
> setwd("C:/Users/Chase/Data_Course_Rasmussen/Data")
> df <- read.csv("wingspan_vs_mass.csv")
> 
> View(df)
> head(df, n = 5)
  X observation wingspan     mass
1 1           1 29.40183 73.70401
2 2           2 32.80786 74.20540
3 3           3 32.47062 85.29320
4 4           4 26.39006 55.63588
5 5           5 25.17541 59.70067
  velocity  variety
1 18.64377  African
2 20.92118  African
3 17.89050 European
4 22.06067  African
5 21.95181 European
> 
> b_files <- list.files(path = "C:/Users/Chase/Data_Course_Rasmussen/Data", pattern = "^b", recursive = TRUE, full.names = TRUE)
> 
> print(b_files)
[1] "C:/Users/Chase/Data_Course_Rasmussen/Data/data-shell/creatures/basilisk.dat"   
[2] "C:/Users/Chase/Data_Course_Rasmussen/Data/data-shell/data/pdb/benzaldehyde.pdb"
[3] "C:/Users/Chase/Data_Course_Rasmussen/Data/Messy_Take2/b_df.csv"                
> # Create a list of files that begin with the letter "b"
> b_files <- list.files(path = "C:/Users/Chase/Data_Course_Rasmussen/Data", pattern = "^b", recursive = TRUE, full.names = TRUE)
> 
> # Loop through each file and print the first line
> for (file in b_files) {
+     first_line <- readLines(file, n = 1)
+     cat("File:", file, "\nFirst Line:", first_line, "\n\n")
+ }
File: C:/Users/Chase/Data_Course_Rasmussen/Data/data-shell/creatures/basilisk.dat 
First Line: COMMON NAME: basilisk 

File: C:/Users/Chase/Data_Course_Rasmussen/Data/data-shell/data/pdb/benzaldehyde.pdb 
First Line: COMPND      BENZALDEHYDE 

File: C:/Users/Chase/Data_Course_Rasmussen/Data/Messy_Take2/b_df.csv 
First Line: DOB_Male,DaysAlive_Male,IQ_Male,Pass_Female,DOB_Female,DaysAlive_Female,IQ_Female,Pass_Female.1 

> 
> # Create a list of all .csv files
> csv_files <- list.files(path = "C:/Users/Chase/Data_Course_Rasmussen/Data", pattern = "\\.csv$", recursive = TRUE, full.names = TRUE)
> 
> # Loop through each .csv file and print the first line
> for (file in csv_files) {
+     first_line <- readLines(file, n = 1)
+     cat("File:", file, "\nFirst Line:", first_line, "\n\n")
+ }
File: C:/Users/Chase/Data_Course_Rasmussen/Data/1620_scores.csv 
First Line: Section,Exam.1..4245260.,Exam.2..4245261.,YOUR.CHOICE....Citation.Manager..4122456.,YOUR.CHOICE....Critical.Book.Report.s...4122457.,YOUR.CHOICE....Zoo.Aquarium.Visit..4122466.,YOUR.CHOICE....Mauna.Loa.Observatory..4122463.,YOUR.CHOICE....Interviews..4122461.,YOUR.CHOICE....Greenhouse.or.Herbarium.visit..4122460.,YOUR.CHOICE....Introduction.to.R..4122462.,YOUR.CHOICE....Final..4122459.,YOUR.CHOICE....Midterm..4122464.,YOUR.CHOICE....Seminar.Write.up.2..4244270.,YOUR.CHOICE....Seminar.Write.up.3..4249990.,YOUR.CHOICE....Seminar.Write.up.4..4256489.,YOUR.CHOICE....Antarctica..4237627.,X1..Quiz.1..4122444.,X2..Quiz.2..4122445.,X3..Quiz.3..4122443.,X4..Quiz.4..4122448.,X5..Quiz.5..4122449.,X6..Quiz.6..4122450.,X7..Quiz.7..4122447.,X8..Quiz.8..4122446.,Actual.PreTest.Score...not.what.your.grade.is...4122452. 

File: C:/Users/Chase/Data_Course_Rasmussen/Data/1620_YC_Points.csv 
First Line: Student,ID,SIS.User.ID,SIS.Login.ID,Root.Account,Section,Exam.1..4348457.,Exam.2..4348458.,Exam.3..4348459.,Exam.4..4348460.,YOUR.CHOICE....Citation.Manager..4348466.,YOUR.CHOICE....Critical.Book.Report.s...4348467.,YOUR.CHOICE....Zoo.Aquarium.Visit..4348483.,YOUR.CHOICE....Mauna.Loa.Observatory..4348473.,YOUR.CHOICE....Greenhouse.or.Herbarium.visit..4348470.,YOUR.CHOICE....Interviews..4348471.,YOUR.CHOICE....Final..4348469.,YOUR.CHOICE....Midterm..4348474.,YOUR.CHOICE....Antarctica..4348464.,YOUR.CHOICE....Cave.of.Forgotten.Dreams..4348465.,YOUR.CHOICE....Antibiotic.Resistance.Podcast..4519539.,Pre.Test..4348462.,Post.Test..4348461.,Actual.PreTest.Score...not.what.your.grade.is...4348454.,X1..Quiz.1..4348449.,X2..Quiz.2..4348450.,X3..Quiz.3..4348451.,X4..Quiz.4..4348452.,X5..Quiz.5..4348453.,X6..Quiz.6..4348444.,X7..Quiz.7..4348445.,X8..Quiz.8..4348448.,X9..Quiz.9..4348446.,X10..Quiz.10..4348447.,Your.Choice.Current.Points,Your.Choice.Final.Points,Your.Choice.Current.Score,Your.Choice.Unposted.Current.Score,Your.Choice.Final.Score,Your.Choice.Unposted.Final.Score,Exams.Current.Points,Exams.Final.Points,Exams.Current.Score,Exams.Unposted.Current.Score,Exams.Final.Score,Exams.Unposted.Final.Score,Pre..Post.Tests.Current.Points,Pre..Post.Tests.Final.Points,Pre..Post.Tests.Current.Score,Pre..Post.Tests.Unposted.Current.Score,Pre..Post.Tests.Final.Score,Pre..Post.Tests.Unposted.Final.Score,Quizzes.Current.Points,Quizzes.Final.Points,Quizzes.Current.Score,Quizzes.Unposted.Current.Score,Quizzes.Final.Score,Quizzes.Unposted.Final.Score,Bonus.Current.Points,Bonus.Final.Points,Bonus.Current.Score,Bonus.Unposted.Current.Score,Bonus.Final.Score,Bonus.Unposted.Final.Score,Current.Points,Final.Points,Current.Score,Unposted.Current.Score,Final.Score,Unposted.Final.Score 

File: C:/Users/Chase/Data_Course_Rasmussen/Data/BioLog_Plate_Data.csv 
First Line: Sample ID,Rep,Well,Dilution,Substrate,Hr_24,Hr_48,Hr_144 

File: C:/Users/Chase/Data_Course_Rasmussen/Data/Bird_Measurements.csv 
First Line: Family,Species_number,Species_name,English_name,M_mass,M_mass_N,F_mass,F_mass_N,unsexed_mass,unsexed_mass_N,M_wing,M_wing_N,F_wing,F_wing_N,Unsexed_wing,Unsexed_wing_N,M_tarsus,M_tarsus_N,F_tarsus,F_tarsus_N,Unsexed_tarsus,Unsexed_tarsus_N,M_bill,M_bill_N,F_bill,F_bill_N,Unsexed_bill,Unsexed_bill_N,M_tail,M_tail_N,F_tail,F_tail_N,Unsexed_tail,Unsexed_tail_N,Clutch_size,Egg_mass,Mating_System 

File: C:/Users/Chase/Data_Course_Rasmussen/Data/cleaned_bird_data.csv 
First Line: Family,Species_number,Species_name,English_name,Clutch_size,Egg_mass,Mating_System,mass,wing,tarsus,bill,tail,Gender 

File: C:/Users/Chase/Data_Course_Rasmussen/Data/data-shell/names/timepoint_001/price_adjustment_001.csv 
First Line: ClientName,PriceAdjustment,TimePoint 

File: C:/Users/Chase/Data_Course_Rasmussen/Data/data-shell/names/timepoint_002/price_adjustment_002.csv 
First Line: ClientName,PriceAdjustment,TimePoint 

File: C:/Users/Chase/Data_Course_Rasmussen/Data/data-shell/names/timepoint_003/price_adjustment_003.csv 
First Line: ClientName,PriceAdjustment,TimePoint 

File: C:/Users/Chase/Data_Course_Rasmussen/Data/data-shell/names/timepoint_004/price_adjustment_004.csv 
First Line: ClientName,PriceAdjustment,TimePoint 

File: C:/Users/Chase/Data_Course_Rasmussen/Data/data-shell/names/timepoint_005/price_adjustment_005.csv 
First Line: ClientName,PriceAdjustment,TimePoint 

File: C:/Users/Chase/Data_Course_Rasmussen/Data/data-shell/names/timepoint_006/price_adjustment_006.csv 
First Line: ClientName,PriceAdjustment,TimePoint 

File: C:/Users/Chase/Data_Course_Rasmussen/Data/data-shell/names/timepoint_007/price_adjustment_007.csv 
First Line: ClientName,PriceAdjustment,TimePoint 

File: C:/Users/Chase/Data_Course_Rasmussen/Data/data-shell/names/timepoint_008/price_adjustment_008.csv 
First Line: ClientName,PriceAdjustment,TimePoint 

File: C:/Users/Chase/Data_Course_Rasmussen/Data/data-shell/names/timepoint_009/price_adjustment_009.csv 
First Line: ClientName,PriceAdjustment,TimePoint 

File: C:/Users/Chase/Data_Course_Rasmussen/Data/data-shell/names/timepoint_010/price_adjustment_010.csv 
First Line: ClientName,PriceAdjustment,TimePoint 

File: C:/Users/Chase/Data_Course_Rasmussen/Data/data-shell/names/timepoint_011/price_adjustment_011.csv 
First Line: ClientName,PriceAdjustment,TimePoint 

File: C:/Users/Chase/Data_Course_Rasmussen/Data/data-shell/names/timepoint_012/price_adjustment_012.csv 
First Line: ClientName,PriceAdjustment,TimePoint 

File: C:/Users/Chase/Data_Course_Rasmussen/Data/data-shell/names/timepoint_013/price_adjustment_013.csv 
First Line: ClientName,PriceAdjustment,TimePoint 

File: C:/Users/Chase/Data_Course_Rasmussen/Data/data-shell/names/timepoint_014/price_adjustment_014.csv 
First Line: ClientName,PriceAdjustment,TimePoint 

File: C:/Users/Chase/Data_Course_Rasmussen/Data/data-shell/names/timepoint_015/price_adjustment_015.csv 
First Line: ClientName,PriceAdjustment,TimePoint 

File: C:/Users/Chase/Data_Course_Rasmussen/Data/data-shell/names/timepoint_016/price_adjustment_016.csv 
First Line: ClientName,PriceAdjustment,TimePoint 

File: C:/Users/Chase/Data_Course_Rasmussen/Data/data-shell/names/timepoint_017/price_adjustment_017.csv 
First Line: ClientName,PriceAdjustment,TimePoint 

File: C:/Users/Chase/Data_Course_Rasmussen/Data/data-shell/names/timepoint_018/price_adjustment_018.csv 
First Line: ClientName,PriceAdjustment,TimePoint 

File: C:/Users/Chase/Data_Course_Rasmussen/Data/data-shell/names/timepoint_019/price_adjustment_019.csv 
First Line: ClientName,PriceAdjustment,TimePoint 

File: C:/Users/Chase/Data_Course_Rasmussen/Data/data-shell/names/timepoint_020/price_adjustment_020.csv 
First Line: ClientName,PriceAdjustment,TimePoint 

File: C:/Users/Chase/Data_Course_Rasmussen/Data/data-shell/names/timepoint_021/price_adjustment_021.csv 
First Line: ClientName,PriceAdjustment,TimePoint 

File: C:/Users/Chase/Data_Course_Rasmussen/Data/data-shell/names/timepoint_022/price_adjustment_022.csv 
First Line: ClientName,PriceAdjustment,TimePoint 

File: C:/Users/Chase/Data_Course_Rasmussen/Data/data-shell/names/timepoint_023/price_adjustment_023.csv 
First Line: ClientName,PriceAdjustment,TimePoint 

File: C:/Users/Chase/Data_Course_Rasmussen/Data/data-shell/names/timepoint_024/price_adjustment_024.csv 
First Line: ClientName,PriceAdjustment,TimePoint 

File: C:/Users/Chase/Data_Course_Rasmussen/Data/data-shell/names/timepoint_025/price_adjustment_025.csv 
First Line: ClientName,PriceAdjustment,TimePoint 

File: C:/Users/Chase/Data_Course_Rasmussen/Data/data-shell/names/timepoint_026/price_adjustment_026.csv 
First Line: ClientName,PriceAdjustment,TimePoint 

File: C:/Users/Chase/Data_Course_Rasmussen/Data/data-shell/names/timepoint_027/price_adjustment_027.csv 
First Line: ClientName,PriceAdjustment,TimePoint 

File: C:/Users/Chase/Data_Course_Rasmussen/Data/data-shell/names/timepoint_028/price_adjustment_028.csv 
First Line: ClientName,PriceAdjustment,TimePoint 

File: C:/Users/Chase/Data_Course_Rasmussen/Data/data-shell/names/timepoint_029/price_adjustment_029.csv 
First Line: ClientName,PriceAdjustment,TimePoint 

File: C:/Users/Chase/Data_Course_Rasmussen/Data/data-shell/names/timepoint_030/price_adjustment_030.csv 
First Line: ClientName,PriceAdjustment,TimePoint 

File: C:/Users/Chase/Data_Course_Rasmussen/Data/data-shell/names/timepoint_031/price_adjustment_031.csv 
First Line: ClientName,PriceAdjustment,TimePoint 

File: C:/Users/Chase/Data_Course_Rasmussen/Data/data-shell/names/timepoint_032/price_adjustment_032.csv 
First Line: ClientName,PriceAdjustment,TimePoint 

File: C:/Users/Chase/Data_Course_Rasmussen/Data/data-shell/names/timepoint_033/price_adjustment_033.csv 
First Line: ClientName,PriceAdjustment,TimePoint 

File: C:/Users/Chase/Data_Course_Rasmussen/Data/data-shell/names/timepoint_034/price_adjustment_034.csv 
First Line: ClientName,PriceAdjustment,TimePoint 

File: C:/Users/Chase/Data_Course_Rasmussen/Data/data-shell/names/timepoint_035/price_adjustment_035.csv 
First Line: ClientName,PriceAdjustment,TimePoint 

File: C:/Users/Chase/Data_Course_Rasmussen/Data/data-shell/names/timepoint_036/price_adjustment_036.csv 
First Line: ClientName,PriceAdjustment,TimePoint 

File: C:/Users/Chase/Data_Course_Rasmussen/Data/data-shell/names/timepoint_037/price_adjustment_037.csv 
First Line: ClientName,PriceAdjustment,TimePoint 

File: C:/Users/Chase/Data_Course_Rasmussen/Data/data-shell/names/timepoint_038/price_adjustment_038.csv 
First Line: ClientName,PriceAdjustment,TimePoint 

File: C:/Users/Chase/Data_Course_Rasmussen/Data/data-shell/names/timepoint_039/price_adjustment_039.csv 
First Line: ClientName,PriceAdjustment,TimePoint 

File: C:/Users/Chase/Data_Course_Rasmussen/Data/data-shell/names/timepoint_040/price_adjustment_040.csv 
First Line: ClientName,PriceAdjustment,TimePoint 

File: C:/Users/Chase/Data_Course_Rasmussen/Data/data-shell/names/timepoint_041/price_adjustment_041.csv 
First Line: ClientName,PriceAdjustment,TimePoint 

File: C:/Users/Chase/Data_Course_Rasmussen/Data/data-shell/names/timepoint_042/price_adjustment_042.csv 
First Line: ClientName,PriceAdjustment,TimePoint 

File: C:/Users/Chase/Data_Course_Rasmussen/Data/data-shell/names/timepoint_043/price_adjustment_043.csv 
First Line: ClientName,PriceAdjustment,TimePoint 

File: C:/Users/Chase/Data_Course_Rasmussen/Data/data-shell/names/timepoint_044/price_adjustment_044.csv 
First Line: ClientName,PriceAdjustment,TimePoint 

File: C:/Users/Chase/Data_Course_Rasmussen/Data/data-shell/names/timepoint_045/price_adjustment_045.csv 
First Line: ClientName,PriceAdjustment,TimePoint 

File: C:/Users/Chase/Data_Course_Rasmussen/Data/data-shell/names/timepoint_046/price_adjustment_046.csv 
First Line: ClientName,PriceAdjustment,TimePoint 

File: C:/Users/Chase/Data_Course_Rasmussen/Data/data-shell/names/timepoint_047/price_adjustment_047.csv 
First Line: ClientName,PriceAdjustment,TimePoint 

File: C:/Users/Chase/Data_Course_Rasmussen/Data/data-shell/names/timepoint_048/price_adjustment_048.csv 
First Line: ClientName,PriceAdjustment,TimePoint 

File: C:/Users/Chase/Data_Course_Rasmussen/Data/data-shell/names/timepoint_049/price_adjustment_049.csv 
First Line: ClientName,PriceAdjustment,TimePoint 

File: C:/Users/Chase/Data_Course_Rasmussen/Data/data-shell/names/timepoint_050/price_adjustment_050.csv 
First Line: ClientName,PriceAdjustment,TimePoint 

File: C:/Users/Chase/Data_Course_Rasmussen/Data/data-shell/names/timepoint_051/price_adjustment_051.csv 
First Line: ClientName,PriceAdjustment,TimePoint 

File: C:/Users/Chase/Data_Course_Rasmussen/Data/data-shell/names/timepoint_052/price_adjustment_052.csv 
First Line: ClientName,PriceAdjustment,TimePoint 

File: C:/Users/Chase/Data_Course_Rasmussen/Data/data-shell/names/timepoint_053/price_adjustment_053.csv 
First Line: ClientName,PriceAdjustment,TimePoint 

File: C:/Users/Chase/Data_Course_Rasmussen/Data/data-shell/names/timepoint_054/price_adjustment_054.csv 
First Line: ClientName,PriceAdjustment,TimePoint 

File: C:/Users/Chase/Data_Course_Rasmussen/Data/data-shell/names/timepoint_055/price_adjustment_055.csv 
First Line: ClientName,PriceAdjustment,TimePoint 

File: C:/Users/Chase/Data_Course_Rasmussen/Data/data-shell/names/timepoint_056/price_adjustment_056.csv 
First Line: ClientName,PriceAdjustment,TimePoint 

File: C:/Users/Chase/Data_Course_Rasmussen/Data/data-shell/names/timepoint_057/price_adjustment_057.csv 
First Line: ClientName,PriceAdjustment,TimePoint 

File: C:/Users/Chase/Data_Course_Rasmussen/Data/data-shell/names/timepoint_058/price_adjustment_058.csv 
First Line: ClientName,PriceAdjustment,TimePoint 

File: C:/Users/Chase/Data_Course_Rasmussen/Data/data-shell/names/timepoint_059/price_adjustment_059.csv 
First Line: ClientName,PriceAdjustment,TimePoint 

File: C:/Users/Chase/Data_Course_Rasmussen/Data/data-shell/names/timepoint_060/price_adjustment_060.csv 
First Line: ClientName,PriceAdjustment,TimePoint 

File: C:/Users/Chase/Data_Course_Rasmussen/Data/data-shell/names/timepoint_061/price_adjustment_061.csv 
First Line: ClientName,PriceAdjustment,TimePoint 

File: C:/Users/Chase/Data_Course_Rasmussen/Data/data-shell/names/timepoint_062/price_adjustment_062.csv 
First Line: ClientName,PriceAdjustment,TimePoint 

File: C:/Users/Chase/Data_Course_Rasmussen/Data/data-shell/names/timepoint_063/price_adjustment_063.csv 
First Line: ClientName,PriceAdjustment,TimePoint 

File: C:/Users/Chase/Data_Course_Rasmussen/Data/data-shell/names/timepoint_064/price_adjustment_064.csv 
First Line: ClientName,PriceAdjustment,TimePoint 

File: C:/Users/Chase/Data_Course_Rasmussen/Data/data-shell/names/timepoint_065/price_adjustment_065.csv 
First Line: ClientName,PriceAdjustment,TimePoint 

File: C:/Users/Chase/Data_Course_Rasmussen/Data/data-shell/names/timepoint_066/price_adjustment_066.csv 
First Line: ClientName,PriceAdjustment,TimePoint 

File: C:/Users/Chase/Data_Course_Rasmussen/Data/data-shell/names/timepoint_067/price_adjustment_067.csv 
First Line: ClientName,PriceAdjustment,TimePoint 

File: C:/Users/Chase/Data_Course_Rasmussen/Data/data-shell/names/timepoint_068/price_adjustment_068.csv 
First Line: ClientName,PriceAdjustment,TimePoint 

File: C:/Users/Chase/Data_Course_Rasmussen/Data/data-shell/names/timepoint_069/price_adjustment_069.csv 
First Line: ClientName,PriceAdjustment,TimePoint 

File: C:/Users/Chase/Data_Course_Rasmussen/Data/data-shell/names/timepoint_070/price_adjustment_070.csv 
First Line: ClientName,PriceAdjustment,TimePoint 

File: C:/Users/Chase/Data_Course_Rasmussen/Data/data-shell/names/timepoint_071/price_adjustment_071.csv 
First Line: ClientName,PriceAdjustment,TimePoint 

File: C:/Users/Chase/Data_Course_Rasmussen/Data/data-shell/names/timepoint_072/price_adjustment_072.csv 
First Line: ClientName,PriceAdjustment,TimePoint 

File: C:/Users/Chase/Data_Course_Rasmussen/Data/data-shell/names/timepoint_073/price_adjustment_073.csv 
First Line: ClientName,PriceAdjustment,TimePoint 

File: C:/Users/Chase/Data_Course_Rasmussen/Data/data-shell/names/timepoint_074/price_adjustment_074.csv 
First Line: ClientName,PriceAdjustment,TimePoint 

File: C:/Users/Chase/Data_Course_Rasmussen/Data/data-shell/names/timepoint_075/price_adjustment_075.csv 
First Line: ClientName,PriceAdjustment,TimePoint 

File: C:/Users/Chase/Data_Course_Rasmussen/Data/data-shell/names/timepoint_076/price_adjustment_076.csv 
First Line: ClientName,PriceAdjustment,TimePoint 

File: C:/Users/Chase/Data_Course_Rasmussen/Data/data-shell/names/timepoint_077/price_adjustment_077.csv 
First Line: ClientName,PriceAdjustment,TimePoint 

File: C:/Users/Chase/Data_Course_Rasmussen/Data/data-shell/names/timepoint_078/price_adjustment_078.csv 
First Line: ClientName,PriceAdjustment,TimePoint 

File: C:/Users/Chase/Data_Course_Rasmussen/Data/data-shell/names/timepoint_079/price_adjustment_079.csv 
First Line: ClientName,PriceAdjustment,TimePoint 

File: C:/Users/Chase/Data_Course_Rasmussen/Data/data-shell/names/timepoint_080/price_adjustment_080.csv 
First Line: ClientName,PriceAdjustment,TimePoint 

File: C:/Users/Chase/Data_Course_Rasmussen/Data/data-shell/names/timepoint_081/price_adjustment_081.csv 
First Line: ClientName,PriceAdjustment,TimePoint 

File: C:/Users/Chase/Data_Course_Rasmussen/Data/data-shell/names/timepoint_082/price_adjustment_082.csv 
First Line: ClientName,PriceAdjustment,TimePoint 

File: C:/Users/Chase/Data_Course_Rasmussen/Data/data-shell/names/timepoint_083/price_adjustment_083.csv 
First Line: ClientName,PriceAdjustment,TimePoint 

File: C:/Users/Chase/Data_Course_Rasmussen/Data/data-shell/names/timepoint_084/price_adjustment_084.csv 
First Line: ClientName,PriceAdjustment,TimePoint 

File: C:/Users/Chase/Data_Course_Rasmussen/Data/data-shell/names/timepoint_085/price_adjustment_085.csv 
First Line: ClientName,PriceAdjustment,TimePoint 

File: C:/Users/Chase/Data_Course_Rasmussen/Data/data-shell/names/timepoint_086/price_adjustment_086.csv 
First Line: ClientName,PriceAdjustment,TimePoint 

File: C:/Users/Chase/Data_Course_Rasmussen/Data/data-shell/names/timepoint_087/price_adjustment_087.csv 
First Line: ClientName,PriceAdjustment,TimePoint 

File: C:/Users/Chase/Data_Course_Rasmussen/Data/data-shell/names/timepoint_088/price_adjustment_088.csv 
First Line: ClientName,PriceAdjustment,TimePoint 

File: C:/Users/Chase/Data_Course_Rasmussen/Data/data-shell/names/timepoint_089/price_adjustment_089.csv 
First Line: ClientName,PriceAdjustment,TimePoint 

File: C:/Users/Chase/Data_Course_Rasmussen/Data/data-shell/names/timepoint_090/price_adjustment_090.csv 
First Line: ClientName,PriceAdjustment,TimePoint 

File: C:/Users/Chase/Data_Course_Rasmussen/Data/data-shell/names/timepoint_091/price_adjustment_091.csv 
First Line: ClientName,PriceAdjustment,TimePoint 

File: C:/Users/Chase/Data_Course_Rasmussen/Data/data-shell/names/timepoint_092/price_adjustment_092.csv 
First Line: ClientName,PriceAdjustment,TimePoint 

File: C:/Users/Chase/Data_Course_Rasmussen/Data/data-shell/names/timepoint_093/price_adjustment_093.csv 
First Line: ClientName,PriceAdjustment,TimePoint 

File: C:/Users/Chase/Data_Course_Rasmussen/Data/data-shell/names/timepoint_094/price_adjustment_094.csv 
First Line: ClientName,PriceAdjustment,TimePoint 

File: C:/Users/Chase/Data_Course_Rasmussen/Data/data-shell/names/timepoint_095/price_adjustment_095.csv 
First Line: ClientName,PriceAdjustment,TimePoint 

File: C:/Users/Chase/Data_Course_Rasmussen/Data/data-shell/names/timepoint_096/price_adjustment_096.csv 
First Line: ClientName,PriceAdjustment,TimePoint 

File: C:/Users/Chase/Data_Course_Rasmussen/Data/data-shell/names/timepoint_097/price_adjustment_097.csv 
First Line: ClientName,PriceAdjustment,TimePoint 

File: C:/Users/Chase/Data_Course_Rasmussen/Data/data-shell/names/timepoint_098/price_adjustment_098.csv 
First Line: ClientName,PriceAdjustment,TimePoint 

File: C:/Users/Chase/Data_Course_Rasmussen/Data/data-shell/names/timepoint_099/price_adjustment_099.csv 
First Line: ClientName,PriceAdjustment,TimePoint 

File: C:/Users/Chase/Data_Course_Rasmussen/Data/data-shell/names/timepoint_100/price_adjustment_100.csv 
First Line: ClientName,PriceAdjustment,TimePoint 

File: C:/Users/Chase/Data_Course_Rasmussen/Data/EDA1.csv 
First Line: StudyTime,Score,Subject 

File: C:/Users/Chase/Data_Course_Rasmussen/Data/EDA2.csv 
First Line: V1,V2,V3,Group 

File: C:/Users/Chase/Data_Course_Rasmussen/Data/FacultySalaries_1995.csv 
First Line: FedID,UnivName,State,Tier,AvgFullProfSalary,AvgAssocProfSalary,AvgAssistProfSalary,AvgProfSalaryAll,AvgFullProfComp,AvgAssocProfComp,AvgAssistProfComp,AvgProfCompAll,NumFullProfs,NumAssocProfs,NumAssistProfs,NumInstructors,NumFacultyAll 

File: C:/Users/Chase/Data_Course_Rasmussen/Data/Fake_grade_data.csv 
First Line: Student,Assignment_1,Assignment_2,Assignment_3,Assignment_4,Assignment_5,Assignment_6,Assignment_7,Assignment_8,Assignment_9,Assignment_10,Skills_Test_1,Skills_Test_2,Skills_Test_3,Skills_Test_4,Final_Project 

File: C:/Users/Chase/Data_Course_Rasmussen/Data/Fastq_16S/fastq.qual.csv 
First Line:  

File: C:/Users/Chase/Data_Course_Rasmussen/Data/flights/2679884.csv 
First Line: "STATION","DATE","SOURCE","REPORT_TYPE","CALL_SIGN","QUALITY_CONTROL","AJ1" 

File: C:/Users/Chase/Data_Course_Rasmussen/Data/flights/2679921.csv 
First Line: "STATION","DATE","SOURCE","REPORT_TYPE","CALL_SIGN","QUALITY_CONTROL","AJ1" 

File: C:/Users/Chase/Data_Course_Rasmussen/Data/GradSchool_Admissions.csv 
First Line: "admit","gre","gpa","rank" 

File: C:/Users/Chase/Data_Course_Rasmussen/Data/iris.csv 
First Line: "Sepal.Length","Sepal.Width","Petal.Length","Petal.Width","Species" 

File: C:/Users/Chase/Data_Course_Rasmussen/Data/ITS_mapping.csv 
First Line: SampleID	BarcodeSequence	LinkerPrimerSequence	Run	Ecosystem	Island	Lat	Lon	Collection_Date	F_Primer	R_Primer	Ecosys_Type	Host_Type	Host	InputFileName	Description 

File: C:/Users/Chase/Data_Course_Rasmussen/Data/Juniper_Oils.csv 
First Line: "SampleID","Project","Amplicon","Tree_Species","BurnYear","Latitude","Longitude","Field_Office","BLM_Fire_Name","Tracking_Number","alpha-pinene","para-cymene","alpha-terpineol","cedr-9-ene","alpha-cedrene","beta-cedrene","cis-thujopsene","alpha-himachalene","beta-chamigrene","cuparene","compound 1","alpha-chamigrene","widdrol","cedrol","beta-acorenol","alpha-acorenol","gamma-eudesmol","beta-eudesmol","alpha-eudesmol","cedr-8-en-13-ol","cedr-8-en-15-ol","compound 2","thujopsenal","Yield_percent","Bolt_Surface_Area_cm2","Raw_Exit_Holes_per_cm2","Raw_Exit_Holes","Living_Larvae","ChemTotal","ChemMean","YearsSinceBurn" 

File: C:/Users/Chase/Data_Course_Rasmussen/Data/landdata-states.csv 
First Line: "State","region","Date","Home.Value","Structure.Cost","Land.Value","Land.Share..Pct.","Home.Price.Index","Land.Price.Index","Year","Qrtr" 

File: C:/Users/Chase/Data_Course_Rasmussen/Data/long_and_tidy.csv 
First Line: "SampleID","Watering","Height" 

File: C:/Users/Chase/Data_Course_Rasmussen/Data/Messy_Take2/a_df.csv 
First Line: DOB_Male,DaysAlive_Male,IQ_Male,Pass_Female,DOB_Female,DaysAlive_Female,IQ_Female,Pass_Female.1 

File: C:/Users/Chase/Data_Course_Rasmussen/Data/Messy_Take2/b_df.csv 
First Line: DOB_Male,DaysAlive_Male,IQ_Male,Pass_Female,DOB_Female,DaysAlive_Female,IQ_Female,Pass_Female.1 

File: C:/Users/Chase/Data_Course_Rasmussen/Data/Messy_Take2/c_df.csv 
First Line: DOB_Male,DaysAlive_Male,IQ_Male,Pass_Female,DOB_Female,DaysAlive_Female,IQ_Female,Pass_Female.1 

File: C:/Users/Chase/Data_Course_Rasmussen/Data/Messy_Take2/cleaned_data.csv 
First Line: DOB,DaysAlive,IQ,Pass,Gender 

File: C:/Users/Chase/Data_Course_Rasmussen/Data/Messy_Take2/d_df.csv 
First Line: DOB_Male,DaysAlive_Male,IQ_Male,Pass_Female,DOB_Female,DaysAlive_Female,IQ_Female,Pass_Female.1 

File: C:/Users/Chase/Data_Course_Rasmussen/Data/Messy_Take2/e_df.csv 
First Line: DOB_Male,DaysAlive_Male,IQ_Male,Pass_Female,DOB_Female,DaysAlive_Female,IQ_Female,Pass_Female.1 

File: C:/Users/Chase/Data_Course_Rasmussen/Data/Messy_Take2/f_df.csv 
First Line: DOB_Male,DaysAlive_Male,IQ_Male,Pass_Female,DOB_Female,DaysAlive_Female,IQ_Female,Pass_Female.1 

File: C:/Users/Chase/Data_Course_Rasmussen/Data/Messy_Take2/g_df.csv 
First Line: DOB_Male,DaysAlive_Male,IQ_Male,Pass_Female,DOB_Female,DaysAlive_Female,IQ_Female,Pass_Female.1 

File: C:/Users/Chase/Data_Course_Rasmussen/Data/MLO_Metadata.csv 
First Line: Day,SampleID,Year,Quarter,Month,Mday,Yday,BarcodeSequence,InputFileName,MLO_Aerosol_cm3,MLO_aero_scat1,MLO_aero_scat2,MLO_aero_scat3,MLO_CO2_ppm 

File: C:/Users/Chase/Data_Course_Rasmussen/Data/MLO_OTU_Table.csv 
First Line: "","Sp_1","Sp_2","Sp_3","Sp_4","Sp_5","Sp_6","Sp_7","Sp_8","Sp_9","Sp_10","Sp_11","Sp_12","Sp_13","Sp_14","Sp_15","Sp_16","Sp_17","Sp_18","Sp_19","Sp_20","Sp_21","Sp_22","Sp_23","Sp_24","Sp_25","Sp_26","Sp_27","Sp_28","Sp_29","Sp_30","Sp_31","Sp_32","Sp_33","Sp_34","Sp_35","Sp_36","Sp_37","Sp_38","Sp_39","Sp_40","Sp_41","Sp_42","Sp_43","Sp_44","Sp_45","Sp_46","Sp_47","Sp_48","Sp_49","Sp_50","Sp_51","Sp_52","Sp_53","Sp_54","Sp_55","Sp_56","Sp_57","Sp_58","Sp_59","Sp_60","Sp_61","Sp_62","Sp_63","Sp_64","Sp_65","Sp_66","Sp_67","Sp_68","Sp_69","Sp_70","Sp_71","Sp_72","Sp_73","Sp_74","Sp_75","Sp_76","Sp_77","Sp_78","Sp_79","Sp_80","Sp_81","Sp_82","Sp_83","Sp_84","Sp_85","Sp_86","Sp_87","Sp_88","Sp_89","Sp_90","Sp_91","Sp_92","Sp_93","Sp_94","Sp_95","Sp_96","Sp_97","Sp_98","Sp_99","Sp_100","Sp_101","Sp_102","Sp_103","Sp_104","Sp_105","Sp_106","Sp_107","Sp_108","Sp_109","Sp_110","Sp_111","Sp_112","Sp_113","Sp_114","Sp_115","Sp_116","Sp_117","Sp_118","Sp_119","Sp_120","Sp_121","Sp_122","Sp_123","Sp_124","Sp_125","Sp_126","Sp_127","Sp_128","Sp_129","Sp_130","Sp_131","Sp_132","Sp_133","Sp_134","Sp_135","Sp_136","Sp_137","Sp_138","Sp_139","Sp_140","Sp_141","Sp_142","Sp_143","Sp_144","Sp_145","Sp_146","Sp_147","Sp_148","Sp_149","Sp_150","Sp_151","Sp_152","Sp_153","Sp_154","Sp_155","Sp_156","Sp_157","Sp_158","Sp_159","Sp_160","Sp_161","Sp_162","Sp_163","Sp_164","Sp_165","Sp_166","Sp_167","Sp_168","Sp_169","Sp_170","Sp_171","Sp_172","Sp_173","Sp_174","Sp_175","Sp_176","Sp_177","Sp_178","Sp_179","Sp_180","Sp_181","Sp_182","Sp_183","Sp_184","Sp_185","Sp_186","Sp_187","Sp_188","Sp_189","Sp_190","Sp_191","Sp_192","Sp_193","Sp_194","Sp_195","Sp_196","Sp_197","Sp_198","Sp_199","Sp_200","Sp_201","Sp_202","Sp_203","Sp_204","Sp_205","Sp_206","Sp_207","Sp_208","Sp_209","Sp_210","Sp_211","Sp_212","Sp_213","Sp_214","Sp_215","Sp_216","Sp_217","Sp_218","Sp_219","Sp_220","Sp_221","Sp_222","Sp_223","Sp_224","Sp_225","Sp_226","Sp_227","Sp_228","Sp_229","Sp_230","Sp_231","Sp_232","Sp_233","Sp_234","Sp_235","Sp_236","Sp_237","Sp_238","Sp_239","Sp_240","Sp_241","Sp_242","Sp_243","Sp_244","Sp_245","Sp_246","Sp_247","Sp_248","Sp_249","Sp_250","Sp_251","Sp_252","Sp_253","Sp_254","Sp_255","Sp_256","Sp_257","Sp_258","Sp_259","Sp_260","Sp_261","Sp_262","Sp_263","Sp_264","Sp_265","Sp_266","Sp_267","Sp_268","Sp_269","Sp_270","Sp_271","Sp_272","Sp_273","Sp_274","Sp_275","Sp_276","Sp_277","Sp_278","Sp_279","Sp_280","Sp_281","Sp_282","Sp_283","Sp_284","Sp_285","Sp_286","Sp_287","Sp_288","Sp_289","Sp_290","Sp_291","Sp_292","Sp_293","Sp_294","Sp_295","Sp_296","Sp_297","Sp_298","Sp_299","Sp_300","Sp_301","Sp_302","Sp_303","Sp_304","Sp_305","Sp_306","Sp_307","Sp_308","Sp_309","Sp_310","Sp_311","Sp_312","Sp_313","Sp_314","Sp_315","Sp_316","Sp_317","Sp_318","Sp_319","Sp_320","Sp_321" 

File: C:/Users/Chase/Data_Course_Rasmussen/Data/mushroom_growth.csv 
First Line: "Species","Light","Nitrogen","Humidity","Temperature","GrowthRate" 

File: C:/Users/Chase/Data_Course_Rasmussen/Data/non_linear_relationship.csv 
First Line: predictor,response 

File: C:/Users/Chase/Data_Course_Rasmussen/Data/nyc_license.csv 
First Line: "row_number","animal_name","animal_gender","animal_birth_month","breed_rc","borough","zip_code","community_district","census_tract2010","nta","city_council_district","congressional_district","state_senatorial_district","license_issued_date","license_expired_date" 

File: C:/Users/Chase/Data_Course_Rasmussen/Data/practice_data_1.csv 
First Line: x,y,z 

File: C:/Users/Chase/Data_Course_Rasmussen/Data/practice_data_2.csv 
First Line: x,y,group 

File: C:/Users/Chase/Data_Course_Rasmussen/Data/practice_data_3.csv 
First Line: dataset,x,y 

File: C:/Users/Chase/Data_Course_Rasmussen/Data/qwerty.csv 
First Line: "","observation","wingspan","mass","velocity","variety" 

File: C:/Users/Chase/Data_Course_Rasmussen/Data/Soil_Predators.csv 
First Line: Predator_individual_number,Predator_order,Predator_family,Predator_species,Predator_development_stage,Predator_body_length_[mm,_measured],Predator_body_mass_[mg,_calculated]_,Predator_sex,Study_site,Collection_date,Consumption_prey_Araneae,Consumption_prey_Diptera,Consumption_prey_Gamasidae,Consumption_prey_Isopoda,Consumption_prey_Lumbricidae,Consumption_prey_Oribatida,Consumption_prey_Staphylinidae,Consumption_prey_Collembola,Consumption_prey_Ceratophysella_denticulata,Consumption_prey_Folsomia_quadrioculata,Consumption_prey_Lepidocyrtus_lanuginosus,Consumption_prey_Protaphorura_armata,Consumption_prey_Pogonognathellus_longicornis,Consumption_prey_Lithobiidae 

File: C:/Users/Chase/Data_Course_Rasmussen/Data/thatch_ant.csv 
First Line: Colony,Distance,Mass,Headwidth,Headwidth (mm),Size class 

File: C:/Users/Chase/Data_Course_Rasmussen/Data/traitdatabygenus.csv 
First Line: Genus,wd,Max.D,Max.growth,Mean.growth,Mort 

File: C:/Users/Chase/Data_Course_Rasmussen/Data/traitdatabysp.csv 
First Line: Species,wd,MaxD,MaxgrD,MeangrD,Mort 

File: C:/Users/Chase/Data_Course_Rasmussen/Data/Utah_County_Precip/provo_hourly_precip_1980-2014.csv 
First Line: STATION,STATION_NAME,DATE,HPCP 

File: C:/Users/Chase/Data_Course_Rasmussen/Data/Utah_County_Precip/provo_hourly_precip_2014-2021.csv 
First Line: "STATION","DATE","REPORT_TYPE","SOURCE","AWND","BackupDirection","BackupDistance","BackupDistanceUnit","BackupElements","BackupElevation","BackupElevationUnit","BackupEquipment","BackupLatitude","BackupLongitude","BackupName","CDSD","CLDD","DSNW","DailyAverageDewPointTemperature","DailyAverageDryBulbTemperature","DailyAverageRelativeHumidity","DailyAverageSeaLevelPressure","DailyAverageStationPressure","DailyAverageWetBulbTemperature","DailyAverageWindSpeed","DailyCoolingDegreeDays","DailyDepartureFromNormalAverageTemperature","DailyHeatingDegreeDays","DailyMaximumDryBulbTemperature","DailyMinimumDryBulbTemperature","DailyPeakWindDirection","DailyPeakWindSpeed","DailyPrecipitation","DailySnowDepth","DailySnowfall","DailySustainedWindDirection","DailySustainedWindSpeed","DailyWeather","HDSD","HTDD","HeavyFog","HourlyAltimeterSetting","HourlyDewPointTemperature","HourlyDryBulbTemperature","HourlyPrecipitation","HourlyPresentWeatherType","HourlyPressureChange","HourlyPressureTendency","HourlyRelativeHumidity","HourlySeaLevelPressure","HourlySkyConditions","HourlyStationPressure","HourlyVisibility","HourlyWetBulbTemperature","HourlyWindDirection","HourlyWindGustSpeed","HourlyWindSpeed","MonthlyAverageRH","MonthlyDaysWithGT001Precip","MonthlyDaysWithGT010Precip","MonthlyDaysWithGT32Temp","MonthlyDaysWithGT90Temp","MonthlyDaysWithLT0Temp","MonthlyDaysWithLT32Temp","MonthlyDepartureFromNormalAverageTemperature","MonthlyDepartureFromNormalCoolingDegreeDays","MonthlyDepartureFromNormalHeatingDegreeDays","MonthlyDepartureFromNormalMaximumTemperature","MonthlyDepartureFromNormalMinimumTemperature","MonthlyDepartureFromNormalPrecipitation","MonthlyDewpointTemperature","MonthlyGreatestPrecip","MonthlyGreatestPrecipDate","MonthlyGreatestSnowDepth","MonthlyGreatestSnowDepthDate","MonthlyGreatestSnowfall","MonthlyGreatestSnowfallDate","MonthlyMaxSeaLevelPressureValue","MonthlyMaxSeaLevelPressureValueDate","MonthlyMaxSeaLevelPressureValueTime","MonthlyMaximumTemperature","MonthlyMeanTemperature","MonthlyMinSeaLevelPressureValue","MonthlyMinSeaLevelPressureValueDate","MonthlyMinSeaLevelPressureValueTime","MonthlyMinimumTemperature","MonthlySeaLevelPressure","MonthlyStationPressure","MonthlyTotalLiquidPrecipitation","MonthlyTotalSnowfall","MonthlyWetBulb","NormalsCoolingDegreeDay","NormalsHeatingDegreeDay","REM","REPORT_TYPE","SOURCE","ShortDurationEndDate005","ShortDurationEndDate010","ShortDurationEndDate015","ShortDurationEndDate020","ShortDurationEndDate030","ShortDurationEndDate045","ShortDurationEndDate060","ShortDurationEndDate080","ShortDurationEndDate100","ShortDurationEndDate120","ShortDurationEndDate150","ShortDurationEndDate180","ShortDurationPrecipitationValue005","ShortDurationPrecipitationValue010","ShortDurationPrecipitationValue015","ShortDurationPrecipitationValue020","ShortDurationPrecipitationValue030","ShortDurationPrecipitationValue045","ShortDurationPrecipitationValue060","ShortDurationPrecipitationValue080","ShortDurationPrecipitationValue100","ShortDurationPrecipitationValue120","ShortDurationPrecipitationValue150","ShortDurationPrecipitationValue180","Sunrise","Sunset","TStorms","WindEquipmentChangeDate" 

File: C:/Users/Chase/Data_Course_Rasmussen/Data/Utah_Religions_by_County.csv 
First Line: County,Pop_2010,Religious,Non-Religious,Assemblies of God,Episcopal Church,Pentecostal Church of God,Greek Orthodox,LDS,Southern Baptist Convention,United Methodist Church,Buddhism-Mahayana,Catholic,Evangelical,Muslim,Non Denominational,Orthodox 

File: C:/Users/Chase/Data_Course_Rasmussen/Data/wide_income_rent.csv 
First Line: variable,Alabama,Alaska,Arizona,Arkansas,California,Colorado,Connecticut,Delaware,District of Columbia,Florida,Georgia,Hawaii,Idaho,Illinois,Indiana,Iowa,Kansas,Kentucky,Louisiana,Maine,Maryland,Massachusetts,Michigan,Minnesota,Mississippi,Missouri,Montana,Nebraska,Nevada,New Hampshire,New Jersey,New Mexico,New York,North Carolina,North Dakota,Ohio,Oklahoma,Oregon,Pennsylvania,Rhode Island,South Carolina,South Dakota,Tennessee,Texas,Utah,Vermont,Virginia,Washington,West Virginia,Wisconsin,Wyoming,Puerto Rico 

File: C:/Users/Chase/Data_Course_Rasmussen/Data/wide_rent_income.csv 
First Line: GEOID,NAME,estimate_income,estimate_rent,moe_income,moe_rent 

File: C:/Users/Chase/Data_Course_Rasmussen/Data/wingspan_vs_mass.csv 
First Line: ,observation,wingspan,mass,velocity,variety 

> 